.\gradlew : Erreur : impossible de trouver ou charger la classe principale org.gradle.wrapper.GradleWrapperMain
Au caractère Ligne:1 : 1
+ .\gradlew compileJava 2>&1 | Out-File -FilePath build_output.txt; Get ...
+ ~~~~~~~~~~~~~~~~~~~~~~~~~~
    + CategoryInfo          : NotSpecified: (Erreur : imposs...adleWrapperMain:String) [], RemoteException
    + FullyQualifiedErrorId : NativeCommandError
 
